******************************************************************************
       MSP430 Evaluation Linker PC v3.2.1                      
******************************************************************************
>> Linked Mon Apr 27 10:25:21 2015

OUTPUT FILE NAME:   <radio_example.out>
ENTRY POINT SYMBOL: "_c_int00"  address: 00008a5a


MEMORY CONFIGURATION

         name            origin    length      used     unused   attr    fill
----------------------  --------  ---------  --------  --------  ----  --------
  SFR                   00000000   00000010  00000000  00000010  RWIX
  PERIPHERALS_8BIT      00000010   000000f0  00000000  000000f0  RWIX
  PERIPHERALS_16BIT     00000100   00000100  00000000  00000100  RWIX
  RAM                   00000200   00000400  00000086  0000037a  RWIX
  INFOD                 00001000   00000040  00000000  00000040  RWIX
  INFOC                 00001040   00000040  00000000  00000040  RWIX
  INFOB                 00001080   00000040  00000000  00000040  RWIX
  INFOA                 000010c0   00000040  00000000  00000040  RWIX
  FLASH                 00008000   00007fde  00000cd3  0000730b  RWIX
  INT00                 0000ffe0   00000002  00000000  00000002  RWIX
  INT01                 0000ffe2   00000002  00000000  00000002  RWIX
  INT02                 0000ffe4   00000002  00000000  00000002  RWIX
  INT03                 0000ffe6   00000002  00000002  00000000  RWIX
  INT04                 0000ffe8   00000002  00000000  00000002  RWIX
  INT05                 0000ffea   00000002  00000000  00000002  RWIX
  INT06                 0000ffec   00000002  00000000  00000002  RWIX
  INT07                 0000ffee   00000002  00000000  00000002  RWIX
  INT08                 0000fff0   00000002  00000000  00000002  RWIX
  INT09                 0000fff2   00000002  00000000  00000002  RWIX
  INT10                 0000fff4   00000002  00000000  00000002  RWIX
  INT11                 0000fff6   00000002  00000000  00000002  RWIX
  INT12                 0000fff8   00000002  00000000  00000002  RWIX
  INT13                 0000fffa   00000002  00000000  00000002  RWIX
  INT14                 0000fffc   00000002  00000000  00000002  RWIX
  RESET                 0000fffe   00000002  00000002  00000000  RWIX


SECTION ALLOCATION MAP

 output                                  attributes/
section   page    origin      length       input sections
--------  ----  ----------  ----------   ----------------
.pinit     0    00008000    00000000     UNINITIALIZED

.bss       0    00000200    00000036     UNINITIALIZED
                  00000200    0000002e     mrfi.obj (.bss)
                  0000022e    00000004     rts430.lib : _lock.obj (.bss)
                  00000232    00000004                : boot.obj (.bss)

.stack     0    000005b0    00000050     UNINITIALIZED
                  000005b0    00000002     rts430.lib : boot.obj (.stack)
                  000005b2    0000004e     --HOLE--

.text      0    00008000    00000c44     
                  00008000    00000200     mrfi.obj (.text:MRFI_Init)
                  00008200    0000011e     mrfi.obj (.text:MRFI_Transmit)
                  0000831e    000000ea     mrfi.obj (.text:Mrfi_SyncPinRxIsr)
                  00008408    000000ac     mrfi.obj (.text:spiBurstFifoAccess)
                  000084b4    0000008a     simple_send_app.obj (.text:main)
                  0000853e    00000070     mrfi.obj (.text:MRFI_RxAddrIsFiltered)
                  000085ae    0000005e     mrfi.obj (.text:spiRegAccess)
                  0000860c    0000005c     mrfi.obj (.text:mrfiSpiCmdStrobe)
                  00008668    00000058     rts430.lib : div32u.obj (.text)
                  000086c0    00000054     mrfi.obj (.text:MRFI_WakeUp)
                  00008714    0000004e     rts430.lib : asr32.obj (.text)
                  00008762    0000004c     mrfi.obj (.text:Mrfi_CalculateRssi)
                  000087ae    0000004c     rts430.lib : lsr16.obj (.text)
                  000087fa    00000046                : autoinit.obj (.text:_auto_init)
                  00008840    00000040     mrfi.obj (.text:Mrfi_DelayUsec)
                  00008880    00000036     mrfi.obj (.text:MRFI_SetRFPwr)
                  000088b6    00000034     mrfi.obj (.text:MRFI_SetLogicalChannel)
                  000088ea    00000034     mrfi.obj (.text:mrfiSpiInit)
                  0000891e    00000034     simple_send_app.obj (.text:sleep)
                  00008952    00000030     bsp.obj (.text:BSP_Init)
                  00008982    0000002c     mrfi.obj (.text:Mrfi_RandomBackoffDelay)
                  000089ae    0000002c     mrfi.obj (.text:Mrfi_RxModeOff)
                  000089da    0000002c     mrfi.obj (.text:mrfiSpiWriteReg)
                  00008a06    0000002c     rts430.lib : div16s.obj (.text)
                  00008a32    00000028     bsp.obj (.text:BSP_Delay)
                  00008a5a    00000026     rts430.lib : boot.obj (.text:_c_int00_noexit)
                  00008a80    00000026     mrfi.obj (.text:mrfiSpiReadReg)
                  00008aa6    00000026     rts430.lib : mult32.obj (.text)
                  00008acc    0000001e     mrfi.obj (.text:mrfiSpiWriteTxFifo)
                  00008aea    0000001c     bsp.obj (.text:BSP_InitBoard)
                  00008b06    0000001c     mrfi.obj (.text:MRFI_GpioIsr)
                  00008b22    0000001c     mrfi.obj (.text:mrfiSpiReadRxFifo)
                  00008b3e    0000001a     mrfi.obj (.text:BSP_GpioPort1Isr)
                  00008b58    00000016     mrfi.obj (.text:MRFI_RandomByte)
                  00008b6e    00000016     mrfi.obj (.text:Mrfi_RxModeOn)
                  00008b84    00000016     rts430.lib : div16u.obj (.text)
                  00008b9a    00000016                : strcpy.obj (.text:strcpy)
                  00008bb0    00000014                : memset.obj (.text:memset)
                  00008bc4    00000014                : mult16.obj (.text)
                  00008bd8    00000012     bsp.obj (.text:BSP_InitLeds)
                  00008bea    00000012     rts430.lib : memcpy.obj (.text:memcpy)
                  00008bfc    00000012                : strlen.obj (.text:strlen)
                  00008c0e    00000010                : epilog.obj (.text)
                  00008c1e    0000000a     bsp.obj (.text:BSP_InitButtons)
                  00008c28    0000000a     bsp.obj (.text:BSP_InitDrivers)
                  00008c32    0000000a     bsp.obj (.text:_system_pre_init)
                  00008c3c    00000004     rts430.lib : exit.obj (.text:abort)
                  00008c40    00000002     simple_send_app.obj (.text:MRFI_RxCompleteISR)
                  00008c42    00000002     rts430.lib : _lock.obj (.text:_nop)

.const     0    00008c44    00000059     
                  00008c44    0000003c     mrfi.obj (.const:mrfiRadioCfg)
                  00008c80    00000011     simple_send_app.obj (.const:$P$T0$1)
                  00008c91    00000001     --HOLE-- [fill = 0]
                  00008c92    00000004     mrfi.obj (.const:mrfiBroadcastAddr)
                  00008c96    00000004     mrfi.obj (.const:mrfiLogicalChanTable)
                  00008c9a    00000003     mrfi.obj (.const:mrfiRFPowerTable)

.cinit     0    00008c9e    00000036     
                  00008c9e    0000002f     mrfi.obj (.cinit)
                  00008ccd    00000003     --HOLE-- [fill = 0]
                  00008cd0    00000004     (.pad.cinit) [fill = 0]

.int03     0    0000ffe6    00000002     
                  0000ffe6    00000002     mrfi.obj (.int03)

.reset     0    0000fffe    00000002     
                  0000fffe    00000002     rts430.lib : boot.obj (.reset)


GLOBAL SYMBOLS: SORTED ALPHABETICALLY BY Name 

address    name
--------   ----
00000200   .bss
00008000   .text
0000004a   ADC10AE0
0000004b   ADC10AE1
000001b0   ADC10CTL0
000001b2   ADC10CTL1
00000048   ADC10DTC0
00000049   ADC10DTC1
000001b4   ADC10MEM
000001bc   ADC10SA
00000057   BCSCTL1
00000058   BCSCTL2
00000053   BCSCTL3
00008a32   BSP_Delay
00008b3e   BSP_GpioPort1Isr
00008952   BSP_Init
00008aea   BSP_InitBoard
00008c1e   BSP_InitButtons
00008c28   BSP_InitDrivers
00008bd8   BSP_InitLeds
00008c3c   C$$EXIT
000010fb   CALBC1_12MHZ
000010f9   CALBC1_16MHZ
000010ff   CALBC1_1MHZ
000010fd   CALBC1_8MHZ
000010fa   CALDCO_12MHZ
000010f8   CALDCO_16MHZ
000010fe   CALDCO_1MHZ
000010fc   CALDCO_8MHZ
00000056   DCOCTL
00000128   FCTL1
0000012a   FCTL2
0000012c   FCTL3
00000000   IE1
00000001   IE2
00000002   IFG1
00000003   IFG2
000087ae   I_LSR
000087f4   I_LSR_1
000087d0   I_LSR_10
000087cc   I_LSR_11
000087c8   I_LSR_12
000087c4   I_LSR_13
000087c0   I_LSR_14
000087bc   I_LSR_15
000087f0   I_LSR_2
000087ec   I_LSR_3
000087e8   I_LSR_4
000087e4   I_LSR_5
000087e0   I_LSR_6
000087dc   I_LSR_7
000087d8   I_LSR_8
000087d4   I_LSR_9
00008714   L_ASR
0000875c   L_ASR_1
00008738   L_ASR_10
00008734   L_ASR_11
00008730   L_ASR_12
0000872c   L_ASR_13
00008728   L_ASR_14
00008724   L_ASR_15
00008758   L_ASR_2
00008754   L_ASR_3
00008750   L_ASR_4
0000874c   L_ASR_5
00008748   L_ASR_6
00008744   L_ASR_7
00008740   L_ASR_8
0000873c   L_ASR_9
00008b06   MRFI_GpioIsr
00008000   MRFI_Init
00008b58   MRFI_RandomByte
0000853e   MRFI_RxAddrIsFiltered
00008c40   MRFI_RxCompleteISR
000088b6   MRFI_SetLogicalChannel
00008880   MRFI_SetRFPwr
00008200   MRFI_Transmit
000086c0   MRFI_WakeUp
000000c0   OA0CTL0
000000c1   OA0CTL1
000000c2   OA1CTL0
000000c3   OA1CTL1
00000022   P1DIR
00000025   P1IE
00000024   P1IES
00000023   P1IFG
00000020   P1IN
00000021   P1OUT
00000027   P1REN
00000026   P1SEL
0000002a   P2DIR
0000002d   P2IE
0000002c   P2IES
0000002b   P2IFG
00000028   P2IN
00000029   P2OUT
0000002f   P2REN
0000002e   P2SEL
0000001a   P3DIR
00000018   P3IN
00000019   P3OUT
00000010   P3REN
0000001b   P3SEL
0000001e   P4DIR
0000001c   P4IN
0000001d   P4OUT
00000011   P4REN
0000001f   P4SEL
00000172   TACCR0
00000174   TACCR1
00000176   TACCR2
00000162   TACCTL0
00000164   TACCTL1
00000166   TACCTL2
00000160   TACTL
0000012e   TAIV
00000170   TAR
00000192   TBCCR0
00000194   TBCCR1
00000196   TBCCR2
00000182   TBCCTL0
00000184   TBCCTL1
00000186   TBCCTL2
00000180   TBCTL
0000011e   TBIV
00000190   TBR
0000005d   UCA0ABCTL
00000062   UCA0BR0
00000063   UCA0BR1
00000060   UCA0CTL0
00000061   UCA0CTL1
0000005f   UCA0IRRCTL
0000005e   UCA0IRTCTL
00000064   UCA0MCTL
00000066   UCA0RXBUF
00000065   UCA0STAT
00000067   UCA0TXBUF
0000006a   UCB0BR0
0000006b   UCB0BR1
00000068   UCB0CTL0
00000069   UCB0CTL1
0000006c   UCB0I2CIE
00000118   UCB0I2COA
0000011a   UCB0I2CSA
0000006e   UCB0RXBUF
0000006d   UCB0STAT
0000006f   UCB0TXBUF
00000120   WDTCTL
00000600   __STACK_END
00000050   __STACK_SIZE
00000001   __TI_args_main
00000001   __TI_auto_init
00000001   __TI_exit
ffffffff   __binit__
00000200   __bss__
ffffffff   __c_args__
00008c9e   __cinit__
00008a06   __divi
00008b84   __divu
00008668   __divul
00000236   __end__
00008c44   __etext__
00008bc4   __mpyi
00008aa6   __mpyl
ffffffff   __pinit__
00008a06   __remi
00008b84   __remu
00008668   __remul
00008000   __text__
000087fa   _auto_init
00008a5a   _c_int00
00008a5a   _c_int00_noexit
00000232   _cleanup_ptr
00000234   _dtors_ptr
0000022e   _lock
00008c42   _nop
0000fffe   _reset_vector
000005b0   _stack
00008c32   _system_pre_init
00000230   _unlock
00008c3c   abort
ffffffff   binit
00008c9e   cinit
00000236   end
00008c44   etext
00008c1a   func_epilog_1
00008c18   func_epilog_2
00008c16   func_epilog_3
00008c14   func_epilog_4
00008c12   func_epilog_5
00008c10   func_epilog_6
00008c0e   func_epilog_7
000084b4   main
00008bea   memcpy
00008bb0   memset
00008c92   mrfiBroadcastAddr
0000860c   mrfiSpiCmdStrobe
000088ea   mrfiSpiInit
00008a80   mrfiSpiReadReg
00008b22   mrfiSpiReadRxFifo
000089da   mrfiSpiWriteReg
00008acc   mrfiSpiWriteTxFifo
ffffffff   pinit
0000891e   sleep
00008b9a   strcpy
00008bfc   strlen


GLOBAL SYMBOLS: SORTED BY Symbol Address 

address    name
--------   ----
00000000   IE1
00000001   IE2
00000001   __TI_args_main
00000001   __TI_auto_init
00000001   __TI_exit
00000002   IFG1
00000003   IFG2
00000010   P3REN
00000011   P4REN
00000018   P3IN
00000019   P3OUT
0000001a   P3DIR
0000001b   P3SEL
0000001c   P4IN
0000001d   P4OUT
0000001e   P4DIR
0000001f   P4SEL
00000020   P1IN
00000021   P1OUT
00000022   P1DIR
00000023   P1IFG
00000024   P1IES
00000025   P1IE
00000026   P1SEL
00000027   P1REN
00000028   P2IN
00000029   P2OUT
0000002a   P2DIR
0000002b   P2IFG
0000002c   P2IES
0000002d   P2IE
0000002e   P2SEL
0000002f   P2REN
00000048   ADC10DTC0
00000049   ADC10DTC1
0000004a   ADC10AE0
0000004b   ADC10AE1
00000050   __STACK_SIZE
00000053   BCSCTL3
00000056   DCOCTL
00000057   BCSCTL1
00000058   BCSCTL2
0000005d   UCA0ABCTL
0000005e   UCA0IRTCTL
0000005f   UCA0IRRCTL
00000060   UCA0CTL0
00000061   UCA0CTL1
00000062   UCA0BR0
00000063   UCA0BR1
00000064   UCA0MCTL
00000065   UCA0STAT
00000066   UCA0RXBUF
00000067   UCA0TXBUF
00000068   UCB0CTL0
00000069   UCB0CTL1
0000006a   UCB0BR0
0000006b   UCB0BR1
0000006c   UCB0I2CIE
0000006d   UCB0STAT
0000006e   UCB0RXBUF
0000006f   UCB0TXBUF
000000c0   OA0CTL0
000000c1   OA0CTL1
000000c2   OA1CTL0
000000c3   OA1CTL1
00000118   UCB0I2COA
0000011a   UCB0I2CSA
0000011e   TBIV
00000120   WDTCTL
00000128   FCTL1
0000012a   FCTL2
0000012c   FCTL3
0000012e   TAIV
00000160   TACTL
00000162   TACCTL0
00000164   TACCTL1
00000166   TACCTL2
00000170   TAR
00000172   TACCR0
00000174   TACCR1
00000176   TACCR2
00000180   TBCTL
00000182   TBCCTL0
00000184   TBCCTL1
00000186   TBCCTL2
00000190   TBR
00000192   TBCCR0
00000194   TBCCR1
00000196   TBCCR2
000001b0   ADC10CTL0
000001b2   ADC10CTL1
000001b4   ADC10MEM
000001bc   ADC10SA
00000200   .bss
00000200   __bss__
0000022e   _lock
00000230   _unlock
00000232   _cleanup_ptr
00000234   _dtors_ptr
00000236   __end__
00000236   end
000005b0   _stack
00000600   __STACK_END
000010f8   CALDCO_16MHZ
000010f9   CALBC1_16MHZ
000010fa   CALDCO_12MHZ
000010fb   CALBC1_12MHZ
000010fc   CALDCO_8MHZ
000010fd   CALBC1_8MHZ
000010fe   CALDCO_1MHZ
000010ff   CALBC1_1MHZ
00008000   .text
00008000   MRFI_Init
00008000   __text__
00008200   MRFI_Transmit
000084b4   main
0000853e   MRFI_RxAddrIsFiltered
0000860c   mrfiSpiCmdStrobe
00008668   __divul
00008668   __remul
000086c0   MRFI_WakeUp
00008714   L_ASR
00008724   L_ASR_15
00008728   L_ASR_14
0000872c   L_ASR_13
00008730   L_ASR_12
00008734   L_ASR_11
00008738   L_ASR_10
0000873c   L_ASR_9
00008740   L_ASR_8
00008744   L_ASR_7
00008748   L_ASR_6
0000874c   L_ASR_5
00008750   L_ASR_4
00008754   L_ASR_3
00008758   L_ASR_2
0000875c   L_ASR_1
000087ae   I_LSR
000087bc   I_LSR_15
000087c0   I_LSR_14
000087c4   I_LSR_13
000087c8   I_LSR_12
000087cc   I_LSR_11
000087d0   I_LSR_10
000087d4   I_LSR_9
000087d8   I_LSR_8
000087dc   I_LSR_7
000087e0   I_LSR_6
000087e4   I_LSR_5
000087e8   I_LSR_4
000087ec   I_LSR_3
000087f0   I_LSR_2
000087f4   I_LSR_1
000087fa   _auto_init
00008880   MRFI_SetRFPwr
000088b6   MRFI_SetLogicalChannel
000088ea   mrfiSpiInit
0000891e   sleep
00008952   BSP_Init
000089da   mrfiSpiWriteReg
00008a06   __divi
00008a06   __remi
00008a32   BSP_Delay
00008a5a   _c_int00
00008a5a   _c_int00_noexit
00008a80   mrfiSpiReadReg
00008aa6   __mpyl
00008acc   mrfiSpiWriteTxFifo
00008aea   BSP_InitBoard
00008b06   MRFI_GpioIsr
00008b22   mrfiSpiReadRxFifo
00008b3e   BSP_GpioPort1Isr
00008b58   MRFI_RandomByte
00008b84   __divu
00008b84   __remu
00008b9a   strcpy
00008bb0   memset
00008bc4   __mpyi
00008bd8   BSP_InitLeds
00008bea   memcpy
00008bfc   strlen
00008c0e   func_epilog_7
00008c10   func_epilog_6
00008c12   func_epilog_5
00008c14   func_epilog_4
00008c16   func_epilog_3
00008c18   func_epilog_2
00008c1a   func_epilog_1
00008c1e   BSP_InitButtons
00008c28   BSP_InitDrivers
00008c32   _system_pre_init
00008c3c   C$$EXIT
00008c3c   abort
00008c40   MRFI_RxCompleteISR
00008c42   _nop
00008c44   __etext__
00008c44   etext
00008c92   mrfiBroadcastAddr
00008c9e   __cinit__
00008c9e   cinit
0000fffe   _reset_vector
ffffffff   __binit__
ffffffff   __c_args__
ffffffff   __pinit__
ffffffff   binit
ffffffff   pinit

[206 symbols]
